[INFO] Scanning for projects...
[INFO] 
[INFO] -----------------------< com.example:SocialApp >------------------------
[INFO] Building SocialApp 0.0.1-SNAPSHOT
[INFO]   from pom.xml
[INFO] --------------------------------[ jar ]---------------------------------
[INFO] 
[INFO] --- resources:3.3.1:resources (default-resources) @ SocialApp ---
[INFO] Copying 2 resources from src\main\resources to target\classes
[INFO] Copying 0 resource from src\main\resources to target\classes
[INFO] 
[INFO] --- compiler:3.13.0:compile (default-compile) @ SocialApp ---
[INFO] Nothing to compile - all classes are up to date.
[INFO] ------------------------------------------------------------------------
[INFO] BUILD SUCCESS
[INFO] ------------------------------------------------------------------------
[INFO] Total time:  2.302 s
[INFO] Finished at: 2026-03-30T16:47:41+05:30
[INFO] ------------------------------------------------------------------------
